{
    "message": "Something went wrong.",
    "error": "Internal Server Error"
}