{
    "driver": "mysql",
    "url": null,
    "host": "127.0.0.1",
    "port": "3306",
    "database": ":memory:",
    "unix_socket": "",
    "charset": "utf8mb4",
    "collation": "utf8mb4_unicode_ci",
    "prefix": "",
    "prefix_indexes": true,
    "strict": true,
    "engine": null,
    "options": []
}